// Jest Snapshot v1, https://goo.gl/fbAQLP

exports[`styledComponents <SidebarSection/> should render 1`] = `
.c0 {
  -webkit-app-region: drag;
  min-width: 199px;
}

<div
  class="c0"
/>
`;
