// Jest Snapshot v1, https://goo.gl/fbAQLP

exports[`<WindowHeader/> should render 1`] = `
<styled.div
  className="window-header"
>
  <styled.div>
    <styled.div
      className="title-bar-btns"
    >
      <styled.div
        className="close-btn"
        onClick={[Function]}
      >
        <div>
          x
        </div>
      </styled.div>
      <styled.div
        className="min-btn"
        onClick={[Function]}
      >
        <div>
          -
        </div>
      </styled.div>
      <styled.div
        className="max-btn"
        onClick={[Function]}
      >
        <div>
          +
        </div>
      </styled.div>
    </styled.div>
  </styled.div>
  <styled.div>
    <div
      className="title"
    />
  </styled.div>
</styled.div>
`;
