// Jest Snapshot v1, https://goo.gl/fbAQLP

exports[`<HeroMessage/> should render 1`] = `
Array [
  .c1 {
  -webkit-user-select: none;
  -moz-user-select: none;
  -ms-user-select: none;
  user-select: none;
  width: 1em;
  height: 1em;
  display: inline-block;
  fill: currentColor;
  -webkit-flex-shrink: 0;
  -ms-flex-negative: 0;
  flex-shrink: 0;
  -webkit-transition: fill 200ms cubic-bezier(0.4,0,0.2,1) 0ms;
  transition: fill 200ms cubic-bezier(0.4,0,0.2,1) 0ms;
  font-size: 2.1875rem;
}

.c0 {
  color: #F50933;
  background-color: rgba(252,115,81,0.1);
  white-space: pre;
  padding: 8px;
  border-radius: 4px;
  overflow-x: auto;
}

.c0 .section {
  display: -webkit-box;
  display: -webkit-flex;
  display: -ms-flexbox;
  display: flex;
}

.c0 .section .icon {
  margin-right: 8px;
}

<div
    className="c0 hero-message error"
    type="error"
  >
    <div
      className="section"
    >
      <div
        className="icon"
      >
        <svg
          aria-hidden={true}
          className="c1 MuiSvgIcon-root MuiSvgIcon-fontSizeLarge"
          data-testid="CancelIcon"
          focusable="false"
          viewBox="0 0 24 24"
        >
          <path
            d="M12 2C6.47 2 2 6.47 2 12s4.47 10 10 10 10-4.47 10-10S17.53 2 12 2zm5 13.59L15.59 17 12 13.41 8.41 17 7 15.59 10.59 12 7 8.41 8.41 7 12 10.59 15.59 7 17 8.41 13.41 12 17 15.59z"
          />
        </svg>
      </div>
      <div
        className="message"
      >
        Some Message
      </div>
    </div>
  </div>,
  "",
]
`;
