// Jest Snapshot v1, https://goo.gl/fbAQLP

exports[`<Accordion/> should render 1`] = `
Array [
  .c9 {
  -webkit-user-select: none;
  -moz-user-select: none;
  -ms-user-select: none;
  user-select: none;
  width: 1em;
  height: 1em;
  display: inline-block;
  fill: currentColor;
  -webkit-flex-shrink: 0;
  -ms-flex-negative: 0;
  flex-shrink: 0;
  -webkit-transition: fill 200ms cubic-bezier(0.4,0,0.2,1) 0ms;
  transition: fill 200ms cubic-bezier(0.4,0,0.2,1) 0ms;
  font-size: 1.5rem;
}

.c0 {
  background-color: #fff;
  color: #031A51;
  -webkit-transition: box-shadow 300ms cubic-bezier(0.4,0,0.2,1) 0ms;
  transition: box-shadow 300ms cubic-bezier(0.4,0,0.2,1) 0ms;
  border-radius: 4px;
  box-shadow: 0px 2px 1px -1px rgba(0,0,0,0.2),0px 1px 1px 0px rgba(0,0,0,0.14),0px 1px 3px 0px rgba(0,0,0,0.12);
}

.c2 {
  position: relative;
  -webkit-transition: margin 150ms cubic-bezier(0.4,0,0.2,1) 0ms;
  transition: margin 150ms cubic-bezier(0.4,0,0.2,1) 0ms;
  overflow-anchor: none;
  border-radius: 0;
}

.c2:before {
  position: absolute;
  left: 0;
  top: -1px;
  right: 0;
  height: 1px;
  content: "";
  opacity: 1;
  background-color: rgba(0,0,0,0.12);
  -webkit-transition: opacity 150ms cubic-bezier(0.4,0,0.2,1) 0ms,background-color 150ms cubic-bezier(0.4,0,0.2,1) 0ms;
  transition: opacity 150ms cubic-bezier(0.4,0,0.2,1) 0ms,background-color 150ms cubic-bezier(0.4,0,0.2,1) 0ms;
}

.c2:first-of-type:before {
  display: none;
}

.c2.Mui-expanded:before {
  opacity: 0;
}

.c2.Mui-expanded:first-of-type {
  margin-top: 0;
}

.c2.Mui-expanded:last-of-type {
  margin-bottom: 0;
}

.c2.Mui-expanded + .c1.Mui-expanded:before {
  display: none;
}

.c2.Mui-disabled {
  background-color: rgba(0,0,0,0.12);
}

.c2:first-of-type {
  border-top-left-radius: 4px;
  border-top-right-radius: 4px;
}

.c2:last-of-type {
  border-bottom-left-radius: 4px;
  border-bottom-right-radius: 4px;
}

.c2.Mui-expanded {
  margin: 16px 0;
}

.c4 {
  display: -webkit-inline-box;
  display: -webkit-inline-flex;
  display: -ms-inline-flexbox;
  display: inline-flex;
  -webkit-align-items: center;
  -webkit-box-align: center;
  -ms-flex-align: center;
  align-items: center;
  -webkit-box-pack: center;
  -webkit-justify-content: center;
  -ms-flex-pack: center;
  justify-content: center;
  position: relative;
  box-sizing: border-box;
  -webkit-tap-highlight-color: transparent;
  background-color: transparent;
  outline: 0;
  border: 0;
  margin: 0;
  border-radius: 0;
  padding: 0;
  cursor: pointer;
  -webkit-user-select: none;
  -moz-user-select: none;
  -ms-user-select: none;
  user-select: none;
  vertical-align: middle;
  -moz-appearance: none;
  -webkit-appearance: none;
  -webkit-text-decoration: none;
  text-decoration: none;
  color: inherit;
}

.c4::-moz-focus-inner {
  border-style: none;
}

.c4.Mui-disabled {
  pointer-events: none;
  cursor: default;
}

.c5 {
  display: -webkit-box;
  display: -webkit-flex;
  display: -ms-flexbox;
  display: flex;
  min-height: 48px;
  padding: 0px 16px;
  -webkit-transition: min-height 150ms cubic-bezier(0.4,0,0.2,1) 0ms,background-color 150ms cubic-bezier(0.4,0,0.2,1) 0ms;
  transition: min-height 150ms cubic-bezier(0.4,0,0.2,1) 0ms,background-color 150ms cubic-bezier(0.4,0,0.2,1) 0ms;
}

.c5.Mui-focusVisible {
  background-color: rgba(0,0,0,0.12);
}

.c5.Mui-disabled {
  opacity: 0.38;
}

.c5:hover:not(.Mui-disabled) {
  cursor: pointer;
}

.c5.Mui-expanded {
  min-height: 64px;
}

.c7 {
  display: -webkit-box;
  display: -webkit-flex;
  display: -ms-flexbox;
  display: flex;
  -webkit-box-flex: 1;
  -webkit-flex-grow: 1;
  -ms-flex-positive: 1;
  flex-grow: 1;
  margin: 12px 0;
  -webkit-transition: margin 150ms cubic-bezier(0.4,0,0.2,1) 0ms;
  transition: margin 150ms cubic-bezier(0.4,0,0.2,1) 0ms;
}

.c7.Mui-expanded {
  margin: 20px 0;
}

.c8 {
  display: -webkit-box;
  display: -webkit-flex;
  display: -ms-flexbox;
  display: flex;
  color: rgba(0,0,0,0.54);
  -webkit-transform: rotate(0deg);
  -ms-transform: rotate(0deg);
  transform: rotate(0deg);
  -webkit-transition: -webkit-transform 150ms cubic-bezier(0.4,0,0.2,1) 0ms;
  -webkit-transition: transform 150ms cubic-bezier(0.4,0,0.2,1) 0ms;
  transition: transform 150ms cubic-bezier(0.4,0,0.2,1) 0ms;
}

.c8.Mui-expanded {
  -webkit-transform: rotate(180deg);
  -ms-transform: rotate(180deg);
  transform: rotate(180deg);
}

.c3 {
  background-color: #f9fafb;
  box-shadow: none;
  background-image: none;
}

.c6 {
  padding: 0px 8px;
}

.c6.Mui-expanded {
  min-height: 48px;
}

.c6 > div {
  margin: 8px 0 !important;
}

@supports (-ms-ime-align:auto) {
  .c2:last-of-type {
    border-bottom-left-radius: 0;
    border-bottom-right-radius: 0;
  }
}

@media print {
  .c4 {
    color-adjust: exact;
  }
}

<div
    className=""
  >
    <div
      className="c0 MuiPaper-root MuiPaper-elevation MuiPaper-rounded MuiPaper-elevation1 c1 c2 MuiAccordion-root MuiAccordion-rounded MuiAccordion-gutters c3"
    >
      <div
        aria-expanded={false}
        className="c4 MuiButtonBase-root c5 MuiAccordionSummary-root MuiAccordionSummary-gutters c6 accordion-summary"
        onBlur={[Function]}
        onClick={[Function]}
        onContextMenu={[Function]}
        onDragLeave={[Function]}
        onFocus={[Function]}
        onKeyDown={[Function]}
        onKeyUp={[Function]}
        onMouseDown={[Function]}
        onMouseLeave={[Function]}
        onMouseUp={[Function]}
        onTouchEnd={[Function]}
        onTouchMove={[Function]}
        onTouchStart={[Function]}
        role="button"
        tabIndex={0}
      >
        <div
          className="c7 MuiAccordionSummary-content MuiAccordionSummary-contentGutters"
        >
          <div
            className=""
          />
        </div>
        <div
          className="c8 MuiAccordionSummary-expandIconWrapper"
        >
          <svg
            aria-hidden={true}
            className="c9 MuiSvgIcon-root MuiSvgIcon-fontSizeMedium"
            data-testid="ExpandMoreIcon"
            focusable="false"
            viewBox="0 0 24 24"
          >
            <path
              d="M16.59 8.59 12 13.17 7.41 8.59 6 10l6 6 6-6z"
            />
          </svg>
        </div>
      </div>
    </div>
  </div>,
  "",
]
`;
