// Jest Snapshot v1, https://goo.gl/fbAQLP

exports[`styledComponents <Container/> should render 1`] = `
.c0 {
  position: relative;
  height: 58.891454965357966px;
  width: 102px;
  background-color: #dedeeb;
  margin: 29.445727482678983px 0;
}

.c0:before,
.c0:after {
  content: '';
  position: absolute;
  width: 0;
  border-left: 51px solid transparent;
  border-right: 51px solid transparent;
}

.c0:before {
  bottom: 100%;
  border-bottom: 29.445727482678983px solid #dedeeb;
}

.c0:after {
  top: 100%;
  width: 0;
  border-top: 29.445727482678983px solid #dedeeb;
}

.c0 .content {
  position: relative;
  top: -1px;
}

.c0 .content .icon {
  display: -webkit-box;
  display: -webkit-flex;
  display: -ms-flexbox;
  display: flex;
  -webkit-box-pack: center;
  -webkit-justify-content: center;
  -ms-flex-pack: center;
  justify-content: center;
}

.c0 .content .header {
  -webkit-flex-direction: column;
  -ms-flex-direction: column;
  flex-direction: column;
  text-align: center;
}

.c0 .content .react-flow__handle-bottom {
  top: 87.33718244803694px;
  z-index: 2;
}

<div
  class="c0"
/>
`;
