// Jest Snapshot v1, https://goo.gl/fbAQLP

exports[`<IconButton/> should render 1`] = `
Array [
  .c2 {
  overflow: hidden;
  pointer-events: none;
  position: absolute;
  z-index: 0;
  top: 0;
  right: 0;
  bottom: 0;
  left: 0;
  border-radius: inherit;
}

.c0 {
  display: -webkit-inline-box;
  display: -webkit-inline-flex;
  display: -ms-inline-flexbox;
  display: inline-flex;
  -webkit-align-items: center;
  -webkit-box-align: center;
  -ms-flex-align: center;
  align-items: center;
  -webkit-box-pack: center;
  -webkit-justify-content: center;
  -ms-flex-pack: center;
  justify-content: center;
  position: relative;
  box-sizing: border-box;
  -webkit-tap-highlight-color: transparent;
  background-color: transparent;
  outline: 0;
  border: 0;
  margin: 0;
  border-radius: 0;
  padding: 0;
  cursor: pointer;
  -webkit-user-select: none;
  -moz-user-select: none;
  -ms-user-select: none;
  user-select: none;
  vertical-align: middle;
  -moz-appearance: none;
  -webkit-appearance: none;
  -webkit-text-decoration: none;
  text-decoration: none;
  color: inherit;
}

.c0::-moz-focus-inner {
  border-style: none;
}

.c0.Mui-disabled {
  pointer-events: none;
  cursor: default;
}

.c1 {
  text-align: center;
  -webkit-flex: 0 0 auto;
  -ms-flex: 0 0 auto;
  flex: 0 0 auto;
  font-size: 1.5rem;
  padding: 8px;
  border-radius: 50%;
  overflow: visible;
  color: rgba(0,0,0,0.54);
  -webkit-transition: background-color 150ms cubic-bezier(0.4,0,0.2,1) 0ms;
  transition: background-color 150ms cubic-bezier(0.4,0,0.2,1) 0ms;
}

.c1:hover {
  background-color: rgba(0,0,0,0.04);
}

.c1.Mui-disabled {
  background-color: transparent;
  color: rgba(0,0,0,0.26);
}

@media print {
  .c0 {
    color-adjust: exact;
  }
}

@media (hover:none) {
  .c1:hover {
    background-color: transparent;
  }
}

<div
    className="icon-button"
  >
    <button
      className="c0 MuiButtonBase-root c1 MuiIconButton-root MuiIconButton-sizeMedium"
      disabled={false}
      onBlur={[Function]}
      onContextMenu={[Function]}
      onDragLeave={[Function]}
      onFocus={[Function]}
      onKeyDown={[Function]}
      onKeyUp={[Function]}
      onMouseDown={[Function]}
      onMouseLeave={[Function]}
      onMouseUp={[Function]}
      onTouchEnd={[Function]}
      onTouchMove={[Function]}
      onTouchStart={[Function]}
      tabIndex={0}
      type="button"
    >
      some label
      <span
        className="c2 MuiTouchRipple-root"
      />
    </button>
  </div>,
  "",
]
`;
