// Jest Snapshot v1, https://goo.gl/fbAQLP

exports[`<SVGIcon/> should render 1`] = `
Array [
  .c0 {
  -webkit-transition: all 0.2s;
  transition: all 0.2s;
  display: -webkit-box;
  display: -webkit-flex;
  display: -ms-flexbox;
  display: flex;
  -webkit-box-pack: center;
  -webkit-justify-content: center;
  -ms-flex-pack: center;
  justify-content: center;
  -webkit-align-items: center;
  -webkit-box-align: center;
  -ms-flex-align: center;
  align-items: center;
  width: 20px;
  height: 20px;
  position: relative;
  -webkit-transition: all 0.3s;
  transition: all 0.3s;
}

.c0 svg path:first-of-type,
.c0 svg rect:not(:last-of-type) {
  fill: #8697BF;
}

<div
    className="c0 svg-icon lambda  "
    fill="#8697BF"
  >
    <svg
      height="20px"
      width="20px"
    >
      ico-aws-lambda.svg
    </svg>
  </div>,
  "",
]
`;
