// Jest Snapshot v1, https://goo.gl/fbAQLP

exports[`<Loader/> should render 1`] = `
.c0 {
  height: 100%;
  width: 100%;
  display: -webkit-box;
  display: -webkit-flex;
  display: -ms-flexbox;
  display: flex;
  -webkit-box-pack: center;
  -webkit-justify-content: center;
  -ms-flex-pack: center;
  justify-content: center;
}

.c0 .react-spinner-material {
  margin: auto;
}

<div
  className="c0 loader undefined"
>
  <div
    className="react-spinner-material"
    style={
      Object {
        "borderColor": "orange",
        "borderWidth": 3,
        "height": 40,
        "width": 40,
      }
    }
  />
</div>
`;
